ndt: 18,857,131 rows (5,243 dropped: no key/ts)
scamper: 33,433,150 rows (1,280 dropped: no key/ts)
revtr: 5,918,719 rows (0 dropped: no key/ts)
{
  "window": [
    "2026-09-20",
    "2026-09-22"
  ],
  "provenance": "measured",
  "generated_by": "revtr_reuse_interarrival.py",
  "generated_on": "2026-09-26",
  "summaries": [
    {
      "stream": "ndt",
      "events": 18857131,
      "pairs": 2339433,
      "pairs_with_repeat": 1956276,
      "events_in_repeat_pairs": 18473974,
      "largest_pair_events": 8224,
      "largest_pair_share": 0.0004361214863491164,
      "top10_pairs_share": 0.0032299717279367685,
      "ceiling_hit_rate_T_inf": 0.8759390810829071,
      "gap_quantiles_s": {
        "0.1": 9.0,
        "0.25": 11.0,
        "0.5": 20.0,
        "0.75": 1772.0,
        "0.9": 17875.0
      },
      "rows_dropped_no_key_or_ts": 5243
    },
    {
      "stream": "ndt (excl. top 10 pairs)",
      "events": 18796223,
      "pairs": 2339423,
      "pairs_with_repeat": 1956266,
      "events_in_repeat_pairs": 18413066,
      "largest_pair_events": 4100,
      "largest_pair_share": 0.00021812892941310602,
      "top10_pairs_share": 0.0019082025149414327,
      "ceiling_hit_rate_T_inf": 0.8755376013574642,
      "gap_quantiles_s": {
        "0.1": 9.0,
        "0.25": 11.0,
        "0.5": 20.0,
        "0.75": 1795.0,
        "0.9": 17997.0
      },
      "rows_dropped_no_key_or_ts": 5243
    },
    {
      "stream": "scamper",
      "events": 33433150,
      "pairs": 3966450,
      "pairs_with_repeat": 3161862,
      "events_in_repeat_pairs": 32628562,
      "largest_pair_events": 137882,
      "largest_pair_share": 0.004124110351552276,
      "top10_pairs_share": 0.010800238685256997,
      "ceiling_hit_rate_T_inf": 0.8813617622030828,
      "gap_quantiles_s": {
        "0.1": 2.0,
        "0.25": 10.0,
        "0.5": 20.0,
        "0.75": 143.0,
        "0.9": 9198.0
      },
      "fresh_share": 0.35550529938100356,
      "rows_dropped_no_key_or_ts": 1280
    },
    {
      "stream": "scamper (excl. top 10 pairs)",
      "events": 33072064,
      "pairs": 3966440,
      "pairs_with_repeat": 3161852,
      "events_in_repeat_pairs": 32267476,
      "largest_pair_events": 12945,
      "largest_pair_share": 0.00039141796532565976,
      "top10_pairs_share": 0.003913333017255893,
      "ceiling_hit_rate_T_inf": 0.8800667536202156,
      "gap_quantiles_s": {
        "0.1": 3.0,
        "0.25": 11.0,
        "0.5": 21.0,
        "0.75": 157.0,
        "0.9": 9481.0
      },
      "fresh_share": 0.359331700615964,
      "rows_dropped_no_key_or_ts": 1280
    },
    {
      "stream": "revtr",
      "events": 5918719,
      "pairs": 840321,
      "pairs_with_repeat": 483832,
      "events_in_repeat_pairs": 5562230,
      "largest_pair_events": 17239,
      "largest_pair_share": 0.0029126234916710863,
      "top10_pairs_share": 0.02088323503785194,
      "ceiling_hit_rate_T_inf": 0.858023163458174,
      "gap_quantiles_s": {
        "0.1": 1.0,
        "0.25": 15.0,
        "0.5": 49.0,
        "0.75": 1886.0,
        "0.9": 19837.0
      },
      "fresh_share": 1.0,
      "rows_dropped_no_key_or_ts": 0
    },
    {
      "stream": "revtr (excl. top 10 pairs)",
      "events": 5795117,
      "pairs": 840311,
      "pairs_with_repeat": 483822,
      "events_in_repeat_pairs": 5438628,
      "largest_pair_events": 9725,
      "largest_pair_share": 0.0016781369556473147,
      "top10_pairs_share": 0.01649958059518039,
      "ceiling_hit_rate_T_inf": 0.8549967153381027,
      "gap_quantiles_s": {
        "0.1": 1.0,
        "0.25": 15.0,
        "0.5": 54.0,
        "0.75": 2075.0,
        "0.9": 20878.0
      },
      "fresh_share": 1.0,
      "rows_dropped_no_key_or_ts": 0
    }
  ],
  "path_change": {
    "scamper": {
      "sig_ip": {
        "events": 11798823,
        "hosts": 8999873,
        "consecutive_pairs": 2798950,
        "p_changed_overall": 0.23866664284821093,
        "share_of_changes_with_as_loop": 0.0
      },
      "sig_p24": {
        "events": 11798823,
        "hosts": 8999873,
        "consecutive_pairs": 2798950,
        "p_changed_overall": 0.18001500562711018,
        "share_of_changes_with_as_loop": 0.0
      }
    },
    "revtr": {
      "sig_ip": {
        "events": 3147566,
        "hosts": 618489,
        "consecutive_pairs": 2529077,
        "p_changed_overall": 0.07943688547244707,
        "share_of_changes_with_as_loop": 0.0026530348129934
      },
      "sig_as": {
        "events": 3138535,
        "hosts": 616424,
        "consecutive_pairs": 2522111,
        "p_changed_overall": 0.03243830267581403,
        "share_of_changes_with_as_loop": 0.005365895395597277
      },
      "sig_rr_ip": {
        "events": 1762246,
        "hosts": 387954,
        "consecutive_pairs": 1374292,
        "p_changed_overall": 0.06263152226746573,
        "share_of_changes_with_as_loop": 0.004135976020633409
      },
      "sig_rr_as": {
        "events": 1738938,
        "hosts": 379656,
        "consecutive_pairs": 1359282,
        "p_changed_overall": 0.02072785485278257,
        "share_of_changes_with_as_loop": 0.011712511091393079
      }
    }
  }
}
                      stream   T_s  sliding_hit_rate  fill_hit_rate  measurements_needed
                         ndt    60          0.496001       0.473246              9933069
                         ndt   300          0.564179       0.547021              8541880
                         ndt   600          0.598226       0.579431              7930721
                         ndt  1800          0.657966       0.634795              6886711
                         ndt  3600          0.698378       0.671923              6186583
                         ndt  7200          0.740121       0.711135              5447174
                         ndt 21600          0.797668       0.770646              4324951
                         ndt 43200          0.827006       0.803753              3700662
                         ndt 86400          0.857331       0.832622              3156266
    ndt (excl. top 10 pairs)    60          0.494926       0.472541              9914233
    ndt (excl. top 10 pairs)   300          0.562818       0.545890              8535545
    ndt (excl. top 10 pairs)   600          0.596939       0.578258              7927153
    ndt (excl. top 10 pairs)  1800          0.656861       0.633683              6885383
    ndt (excl. top 10 pairs)  3600          0.697402       0.670897              6185893
    ndt (excl. top 10 pairs)  7200          0.739279       0.710217              5446817
    ndt (excl. top 10 pairs) 21600          0.797013       0.769910              4324831
    ndt (excl. top 10 pairs) 43200          0.826446       0.803120              3700602
    ndt (excl. top 10 pairs) 86400          0.856869       0.832081              3156236
                     scamper    60          0.616187       0.501904             16652930
                     scamper   300          0.680989       0.640744             12011055
                     scamper   600          0.700001       0.673984             10899755
                     scamper  1800          0.734386       0.716211              9487956
                     scamper  3600          0.758188       0.741075              8656695
                     scamper  7200          0.783982       0.766551              7804931
                     scamper 21600          0.823134       0.806185              6479848
                     scamper 43200          0.843892       0.828994              5717284
                     scamper 86400          0.866368       0.849579              5029037
scamper (excl. top 10 pairs)    60          0.611999       0.496999             16635285
scamper (excl. top 10 pairs)   300          0.677507       0.636933             12007372
scamper (excl. top 10 pairs)   600          0.696727       0.670480             10897893
scamper (excl. top 10 pairs)  1800          0.731487       0.713132              9487318
scamper (excl. top 10 pairs)  3600          0.755548       0.738258              8656364
scamper (excl. top 10 pairs)  7200          0.781624       0.764008              7804757
scamper (excl. top 10 pairs) 21600          0.821204       0.804071              6479778
scamper (excl. top 10 pairs) 43200          0.842188       0.827128              5717243
scamper (excl. top 10 pairs) 86400          0.864909       0.847938              5029012
                       revtr    60          0.456155       0.387188              3627064
                       revtr   300          0.546882       0.510755              2895701
                       revtr   600          0.582363       0.552403              2649202
                       revtr  1800          0.641043       0.613784              2285906
                       revtr  3600          0.679825       0.651461              2062904
                       revtr  7200          0.720470       0.690997              1828900
                       revtr 21600          0.777474       0.750064              1479298
                       revtr 43200          0.806827       0.783551              1281101
                       revtr 86400          0.837469       0.813669              1102843
  revtr (excl. top 10 pairs)    60          0.446174       0.378736              3600297
  revtr (excl. top 10 pairs)   300          0.537294       0.501614              2888205
  revtr (excl. top 10 pairs)   600          0.573470       0.543546              2645203
  revtr (excl. top 10 pairs)  1800          0.633389       0.605789              2284501
  revtr (excl. top 10 pairs)  3600          0.672998       0.644151              2062189
  revtr (excl. top 10 pairs)  7200          0.714510       0.684469              1828540
  revtr (excl. top 10 pairs) 21600          0.772729       0.744754              1479178
  revtr (excl. top 10 pairs) 43200          0.802708       0.778945              1281041
  revtr (excl. top 10 pairs) 86400          0.834004       0.809700              1102813
 stream     level   pairs  changed  changed_loop  gap_lo_s  gap_hi_s    same  p_changed
scamper    sig_ip    2433     1006             0       0.0       1.0    1427   0.413481
scamper    sig_ip    1891      635             0       1.0      10.0    1256   0.335801
scamper    sig_ip     225       82             0      10.0      60.0     143   0.364444
scamper    sig_ip     260       67             0      60.0     300.0     193   0.257692
scamper    sig_ip    4922     1767             0     300.0     600.0    3155   0.359000
scamper    sig_ip  927428   202385             0     600.0    1800.0  725043   0.218222
scamper    sig_ip  252142    59326             0    1800.0    3600.0  192816   0.235288
scamper    sig_ip  281250    66947             0    3600.0    7200.0  214303   0.238034
scamper    sig_ip  440647   107129             0    7200.0   21600.0  333518   0.243118
scamper    sig_ip  266196    69359             0   21600.0   43200.0  196837   0.260556
scamper    sig_ip  332224    84918             0   43200.0   86400.0  247306   0.255605
scamper    sig_ip  289332    74395             0   86400.0       inf  214937   0.257127
scamper   sig_p24    2433      204             0       0.0       1.0    2229   0.083847
scamper   sig_p24    1891      152             0       1.0      10.0    1739   0.080381
scamper   sig_p24     225       30             0      10.0      60.0     195   0.133333
scamper   sig_p24     260       40             0      60.0     300.0     220   0.153846
scamper   sig_p24    4922     1529             0     300.0     600.0    3393   0.310646
scamper   sig_p24  927428   147878             0     600.0    1800.0  779550   0.159450
scamper   sig_p24  252142    37065             0    1800.0    3600.0  215077   0.147000
scamper   sig_p24  281250    44701             0    3600.0    7200.0  236549   0.158937
scamper   sig_p24  440647    81533             0    7200.0   21600.0  359114   0.185030
scamper   sig_p24  266196    55969             0   21600.0   43200.0  210227   0.210255
scamper   sig_p24  332224    71315             0   43200.0   86400.0  260909   0.214659
scamper   sig_p24  289332    63437             0   86400.0       inf  225895   0.219253
  revtr    sig_ip  214298    12606            51       0.0       1.0  201692   0.058825
  revtr    sig_ip  310485     2658             2       1.0      10.0  307827   0.008561
  revtr    sig_ip 1041075     7837            33      10.0      60.0 1033238   0.007528
  revtr    sig_ip  258852     6919             7      60.0     300.0  251933   0.026730
  revtr    sig_ip   67927     5244            16     300.0     600.0   62683   0.077201
  revtr    sig_ip  117406    19641            50     600.0    1800.0   97765   0.167291
  revtr    sig_ip   80932    16712            61    1800.0    3600.0   64220   0.206494
  revtr    sig_ip   86403    18110            54    3600.0    7200.0   68293   0.209599
  revtr    sig_ip  141889    33300           106    7200.0   21600.0  108589   0.234690
  revtr    sig_ip   74421    20721            43   21600.0   43200.0   53700   0.278429
  revtr    sig_ip   82125    32344            74   43200.0   86400.0   49781   0.393839
  revtr    sig_ip   53264    24810            36   86400.0       inf   28454   0.465793
  revtr    sig_as  213973     3829            45       0.0       1.0  210144   0.017895
  revtr    sig_as  310083      777             1       1.0      10.0  309306   0.002506
  revtr    sig_as 1039471     2576            26      10.0      60.0 1036895   0.002478
  revtr    sig_as  258133     2410             4      60.0     300.0  255723   0.009336
  revtr    sig_as   67549     2146            13     300.0     600.0   65403   0.031770
  revtr    sig_as  116675     7904            42     600.0    1800.0  108771   0.067744
  revtr    sig_as   80419     6554            52    1800.0    3600.0   73865   0.081498
  revtr    sig_as   85885     7010            45    3600.0    7200.0   78875   0.081621
  revtr    sig_as  141108    12740            88    7200.0   21600.0  128368   0.090285
  revtr    sig_as   74134     8632            38   21600.0   43200.0   65502   0.116438
  revtr    sig_as   81643    14976            61   43200.0   86400.0   66667   0.183433
  revtr    sig_as   53038    12259            24   86400.0       inf   40779   0.231136
  revtr sig_rr_ip  112665     2469            28       0.0       1.0  110196   0.021915
  revtr sig_rr_ip  150934      587             1       1.0      10.0  150347   0.003889
  revtr sig_rr_ip  494178     2708            22      10.0      60.0  491470   0.005480
  revtr sig_rr_ip  141912     4467             3      60.0     300.0  137445   0.031477
  revtr sig_rr_ip   47422     4063             8     300.0     600.0   43359   0.085678
  revtr sig_rr_ip   81822    11724            33     600.0    1800.0   70098   0.143287
  revtr sig_rr_ip   55777     8787            40    1800.0    3600.0   46990   0.157538
  revtr sig_rr_ip   58731     8609            34    3600.0    7200.0   50122   0.146584
  revtr sig_rr_ip   93072    13636            85    7200.0   21600.0   79436   0.146510
  revtr sig_rr_ip   48948     8395            33   21600.0   43200.0   40553   0.171509
  revtr sig_rr_ip   53671    11380            50   43200.0   86400.0   42291   0.212033
  revtr sig_rr_ip   35160     9249            19   86400.0       inf   25911   0.263055
  revtr sig_rr_as  111481      878            26       0.0       1.0  110603   0.007876
  revtr sig_rr_as  150269      180             1       1.0      10.0  150089   0.001198
  revtr sig_rr_as  490179      633            20      10.0      60.0  489546   0.001291
  revtr sig_rr_as  140369      806             2      60.0     300.0  139563   0.005742
  revtr sig_rr_as   46721      943             6     300.0     600.0   45778   0.020184
  revtr sig_rr_as   80538     3333            30     600.0    1800.0   77205   0.041384
  revtr sig_rr_as   54852     2719            37    1800.0    3600.0   52133   0.049570
  revtr sig_rr_as   57794     2880            34    3600.0    7200.0   54914   0.049832
  revtr sig_rr_as   91617     4466            83    7200.0   21600.0   87151   0.048746
  revtr sig_rr_as   48223     3048            31   21600.0   43200.0   45175   0.063206
  revtr sig_rr_as   52656     4314            45   43200.0   86400.0   48342   0.081928
  revtr sig_rr_as   34583     3975            15   86400.0       inf   30608   0.114941
 stream     level   T_s   events  fill_hit_rate  same_path_hit_rate  changed_path_hit_rate  changed_share_of_hits
scamper    sig_ip    60 11798823       0.000386            0.000240               0.000146               0.378765
scamper    sig_ip   300 11798823       0.000408            0.000256               0.000152               0.372219
scamper    sig_ip   600 11798823       0.000819            0.000521               0.000298               0.363448
scamper    sig_ip  1800 11798823       0.059971            0.046595               0.013377               0.223055
scamper    sig_ip  3600 11798823       0.086807            0.066607               0.020200               0.232699
scamper    sig_ip  7200 11798823       0.111808            0.084930               0.026878               0.240397
scamper    sig_ip 21600 11798823       0.151042            0.112838               0.038203               0.252933
scamper    sig_ip 43200 11798823       0.174155            0.128506               0.045648               0.262114
scamper    sig_ip 86400 11798823       0.199797            0.146665               0.053132               0.265929
scamper   sig_p24    60 11798823       0.000386            0.000353               0.000033               0.084854
scamper   sig_p24   300 11798823       0.000408            0.000371               0.000036               0.088584
scamper   sig_p24   600 11798823       0.000819            0.000657               0.000162               0.197765
scamper   sig_p24  1800 11798823       0.059971            0.050105               0.009867               0.164523
scamper   sig_p24  3600 11798823       0.086807            0.072270               0.014537               0.167463
scamper   sig_p24  7200 11798823       0.111808            0.092770               0.019038               0.170277
scamper   sig_p24 21600 11798823       0.151042            0.123883               0.027159               0.179814
scamper   sig_p24 43200 11798823       0.174155            0.141387               0.032768               0.188153
scamper   sig_p24 86400 11798823       0.199797            0.161209               0.038588               0.193137
  revtr    sig_ip    60  3147566       0.412754            0.404944               0.007809               0.018920
  revtr    sig_ip   300  3147566       0.542540            0.526317               0.016224               0.029904
  revtr    sig_ip   600  3147566       0.576606            0.549533               0.027074               0.046953
  revtr    sig_ip  1800  3147566       0.621465            0.563409               0.058056               0.093417
  revtr    sig_ip  3600  3147566       0.647590            0.570752               0.076838               0.118652
  revtr    sig_ip  7200  3147566       0.674854            0.579981               0.094873               0.140583
  revtr    sig_ip 21600  3147566       0.718462            0.595294               0.123169               0.171434
  revtr    sig_ip 43200  3147566       0.744009            0.591928               0.152080               0.204407
  revtr    sig_ip 86400  3147566       0.768317            0.565483               0.202834               0.263998
  revtr    sig_as    60  3138535       0.413224            0.410864               0.002361               0.005713
  revtr    sig_as   300  3138535       0.543165            0.538269               0.004896               0.009014
  revtr    sig_as   600  3138535       0.577224            0.568992               0.008232               0.014262
  revtr    sig_as  1800  3138535       0.622000            0.603935               0.018064               0.029043
  revtr    sig_as  3600  3138535       0.648053            0.623457               0.024596               0.037953
  revtr    sig_as  7200  3138535       0.675235            0.643450               0.031786               0.047073
  revtr    sig_as 21600  3138535       0.718713            0.673669               0.045045               0.062674
  revtr    sig_as 43200  3138535       0.744208            0.683877               0.060330               0.081067
  revtr    sig_as 86400  3138535       0.768490            0.683406               0.085083               0.110715
  revtr sig_rr_ip    60  1762246       0.370465            0.366947               0.003518               0.009497
  revtr sig_rr_ip   300  1762246       0.480566            0.471732               0.008834               0.018383
  revtr sig_rr_ip   600  1762246       0.514857            0.500176               0.014681               0.028514
  revtr sig_rr_ip  1800  1762246       0.564824            0.532642               0.032182               0.056976
  revtr sig_rr_ip  3600  1762246       0.595594            0.551260               0.044334               0.074437
  revtr sig_rr_ip  7200  1762246       0.628018            0.573405               0.054613               0.086961
  revtr sig_rr_ip 21600  1762246       0.679685            0.609664               0.070021               0.103020
  revtr sig_rr_ip 43200  1762246       0.709834            0.626537               0.083297               0.117347
  revtr sig_rr_ip 86400  1762246       0.738417            0.635113               0.103304               0.139899
  revtr sig_rr_as    60  1738938       0.372174            0.371150               0.001024               0.002752
  revtr sig_rr_as   300  1738938       0.482877            0.481068               0.001809               0.003747
  revtr sig_rr_as   600  1738938       0.517254            0.514446               0.002807               0.005428
  revtr sig_rr_as  1800  1738938       0.567203            0.560980               0.006223               0.010971
  revtr sig_rr_as  3600  1738938       0.597915            0.588414               0.009501               0.015890
  revtr sig_rr_as  7200  1738938       0.630245            0.617063               0.013182               0.020915
  revtr sig_rr_as 21600  1738938       0.681764            0.661788               0.019977               0.029301
  revtr sig_rr_as 43200  1738938       0.711851            0.684281               0.027570               0.038730
  revtr sig_rr_as 86400  1738938       0.740398            0.701851               0.038547               0.052063
